// Jest Snapshot v1, https://goo.gl/fbAQLP

exports[`fullRoute 1`] = `
Object {
  "info": Object {
    "title": "Test",
    "version": "1.0.0",
  },
  "openapi": "3.0.3",
  "paths": Object {
    "/item/{id}": Object {
      "get": Object {
        "parameters": Array [
          Object {
            "in": "query",
            "name": "flag",
            "required": true,
            "schema": Object {
              "type": "boolean",
            },
          },
          Object {
            "in": "path",
            "name": "id",
            "required": true,
            "schema": Object {
              "type": "string",
            },
          },
        ],
        "responses": Object {
          "200": Object {
            "content": Object {
              "application/json": Object {
                "schema": Object {
                  "properties": Object {
                    "items": Object {
                      "items": Object {
                        "type": "integer",
                      },
                      "type": "array",
                    },
                  },
                  "required": Array [
                    "items",
                  ],
                },
              },
            },
            "description": "",
          },
        },
      },
    },
    "/items": Object {
      "post": Object {
        "parameters": Array [],
        "requestBody": Object {
          "content": Object {
            "application/json": Object {
              "schema": Object {
                "properties": Object {
                  "count": Object {
                    "type": "integer",
                  },
                  "title": Object {
                    "pattern": ".*",
                    "type": "string",
                  },
                },
                "required": Array [
                  "title",
                  "count",
                ],
              },
            },
          },
          "required": true,
        },
        "responses": Object {
          "201": Object {
            "description": "",
          },
        },
      },
    },
  },
  "servers": Array [
    Object {
      "url": "http://localhost:8000",
    },
  ],
}
`;
